PowerPlay Power Analyzer report for UNROM_mst
Mon Feb 27 13:29:57 2017
Quartus II 32-bit Version 13.0.1 Build 232 06/12/2013 Service Pack 1 SJ Web Edition


---------------------
; Table of Contents ;
---------------------
  1. Legal Notice
  2. PowerPlay Power Analyzer Summary
  3. PowerPlay Power Analyzer Settings
  4. Indeterminate Toggle Rates
  5. Operating Conditions Used
  6. Thermal Power Dissipation by Block
  7. Thermal Power Dissipation by Block Type
  8. Thermal Power Dissipation by Hierarchy
  9. Current Drawn from Voltage Supplies Summary
 10. VCCIO Supply Current Drawn by I/O Bank
 11. VCCIO Supply Current Drawn by Voltage
 12. Confidence Metric Details
 13. Signal Activities
 14. PowerPlay Power Analyzer Messages



----------------
; Legal Notice ;
----------------
Copyright (C) 1991-2013 Altera Corporation
Your use of Altera Corporation's design tools, logic functions 
and other software and tools, and its AMPP partner logic 
functions, and any output files from any of the foregoing 
(including device programming or simulation files), and any 
associated documentation or information are expressly subject 
to the terms and conditions of the Altera Program License 
Subscription Agreement, Altera MegaCore Function License 
Agreement, or other applicable license agreement, including, 
without limitation, that your use is for the sole purpose of 
programming logic devices manufactured by Altera and sold by 
Altera or its authorized distributors.  Please refer to the 
applicable agreement for further details.



+-------------------------------------------------------------------------------------------+
; PowerPlay Power Analyzer Summary                                                          ;
+----------------------------------------+--------------------------------------------------+
; PowerPlay Power Analyzer Status        ; Successful - Mon Feb 27 13:29:57 2017            ;
; Quartus II 32-bit Version              ; 13.0.1 Build 232 06/12/2013 SP 1 SJ Web Edition  ;
; Revision Name                          ; UNROM_mst                                        ;
; Top-level Entity Name                  ; UNROM_mst                                        ;
; Family                                 ; Cyclone IV E                                     ;
; Device                                 ; EP4CE10F17C8                                     ;
; Power Models                           ; Final                                            ;
; Total Thermal Power Dissipation        ; 66.09 mW                                         ;
; Core Dynamic Thermal Power Dissipation ; 0.00 mW                                          ;
; Core Static Thermal Power Dissipation  ; 42.82 mW                                         ;
; I/O Thermal Power Dissipation          ; 23.28 mW                                         ;
; Power Estimation Confidence            ; Low: user provided insufficient toggle rate data ;
+----------------------------------------+--------------------------------------------------+


+------------------------------------------------------------------------------------------------------+
; PowerPlay Power Analyzer Settings                                                                    ;
+----------------------------------------------------------------------------+---------+---------------+
; Option                                                                     ; Setting ; Default Value ;
+----------------------------------------------------------------------------+---------+---------------+
; Use smart compilation                                                      ; Off     ; Off           ;
; Enable parallel Assembler and TimeQuest Timing Analyzer during compilation ; On      ; On            ;
; Enable compact report table                                                ; Off     ; Off           ;
; Default Power Toggle Rate                                                  ; 12.5%   ; 12.5%         ;
; Default Power Input I/O Toggle Rate                                        ; 12.5%   ; 12.5%         ;
; Use vectorless estimation                                                  ; On      ; On            ;
; Use Input Files                                                            ; Off     ; Off           ;
; Filter Glitches in VCD File Reader                                         ; On      ; On            ;
; Power Analyzer Report Signal Activity                                      ; Off     ; Off           ;
; Power Analyzer Report Power Dissipation                                    ; Off     ; Off           ;
; Device Power Characteristics                                               ; TYPICAL ; TYPICAL       ;
; Automatically Compute Junction Temperature                                 ; On      ; On            ;
; Specified Junction Temperature                                             ; 25      ; 25            ;
; Ambient Temperature                                                        ; 25      ; 25            ;
; Use Custom Cooling Solution                                                ; Off     ; Off           ;
; Board Temperature                                                          ; 25      ; 25            ;
; Enable HPS                                                                 ; Off     ; Off           ;
; Processor Frequency                                                        ; 0.0     ; 0.0           ;
+----------------------------------------------------------------------------+---------+---------------+


+-------------------------------------------+
; Indeterminate Toggle Rates                ;
+-------------+-----------------------------+
; Node        ; Reason                      ;
+-------------+-----------------------------+
; cpu_a14     ; No valid clock domain found ;
; ppu_a10     ; No valid clock domain found ;
; ppu_a11     ; No valid clock domain found ;
; mirror_swch ; No valid clock domain found ;
; cpu_d[0]    ; No valid clock domain found ;
; Ncpu_rom_cs ; No valid clock domain found ;
; Ncpu_rw     ; No valid clock domain found ;
; cpu_d[1]    ; No valid clock domain found ;
; cpu_d[2]    ; No valid clock domain found ;
; cpu_d[3]    ; No valid clock domain found ;
+-------------+-----------------------------+


+-------------------------------------------------------------------------+
; Operating Conditions Used                                               ;
+---------------------------------------------+---------------------------+
; Setting                                     ; Value                     ;
+---------------------------------------------+---------------------------+
; Device power characteristics                ; Typical                   ;
;                                             ;                           ;
; Voltages                                    ;                           ;
;     VCCINT                                  ; 1.20 V                    ;
;     VCCA                                    ; 2.50 V                    ;
;     VCCD                                    ; 1.20 V                    ;
;     3.3-V LVCMOS I/O Standard               ; 3.3 V                     ;
;     2.5 V I/O Standard                      ; 2.5 V                     ;
;                                             ;                           ;
; Auto computed junction temperature          ; 25.9 degrees Celsius      ;
;     Ambient temperature                     ; 25.0 degrees Celsius      ;
;     Junction-to-Case thermal resistance     ; 9.80 degrees Celsius/Watt ;
;     Case-to-Heat Sink thermal resistance    ; 0.10 degrees Celsius/Watt ;
;     Heat Sink-to-Ambient thermal resistance ; 4.30 degrees Celsius/Watt ;
;                                             ;                           ;
; Board model used                            ; None                      ;
+---------------------------------------------+---------------------------+


+----------------------------------------------------------------------------------------------------------------------------------------------+
; Thermal Power Dissipation by Block                                                                                                           ;
+------------+------------+---------------------+-----------------------------+--------------------------------+-------------------------------+
; Block Name ; Block Type ; Total Thermal Power ; Block Thermal Dynamic Power ; Block Thermal Static Power (1) ; Routing Thermal Dynamic Power ;
+------------+------------+---------------------+-----------------------------+--------------------------------+-------------------------------+
(1) The "Thermal Power Dissipation by Block" Table has been hidden. To show this table, please select the "Write power dissipation by block to report file" option under "PowerPlay Power Analyzer Settings".


+--------------------------------------------------------------------------------------------------------------------------------------------------------------------------------------------------------------------+
; Thermal Power Dissipation by Block Type                                                                                                                                                                            ;
+---------------------+-----------------------------------+-----------------------------+--------------------------------+-------------------------------+-----------------------------------------------------------+
; Block Type          ; Total Thermal Power by Block Type ; Block Thermal Dynamic Power ; Block Thermal Static Power (1) ; Routing Thermal Dynamic Power ; Block Average Toggle Rate (millions of transitions / sec) ;
+---------------------+-----------------------------------+-----------------------------+--------------------------------+-------------------------------+-----------------------------------------------------------+
; Combinational cell  ; 0.00 mW                           ; 0.00 mW                     ; --                             ; 0.00 mW                       ;    0.000                                                  ;
; Clock control block ; 0.00 mW                           ; 0.00 mW                     ; --                             ; 0.00 mW                       ;    0.000                                                  ;
; Register cell       ; 0.00 mW                           ; 0.00 mW                     ; --                             ; 0.00 mW                       ;    0.000                                                  ;
; I/O                 ; 5.88 mW                           ; 0.00 mW                     ; 5.88 mW                        ; 0.00 mW                       ;    0.000                                                  ;
+---------------------+-----------------------------------+-----------------------------+--------------------------------+-------------------------------+-----------------------------------------------------------+
(1) The "Block Thermal Static Power" for all block types except Pins and the Voltage Regulator, if one exists, is part of the "Core Static Thermal Power Dissipation" value found on the PowerPlay Power Analyzer-->Summary report panel. The "Core Static Thermal Power Dissipation" also contains the thermal static power dissipated by the routing.


+----------------------------------------------------------------------------------------------------------------------------------------------------------------------------------------------------------------------------------+
; Thermal Power Dissipation by Hierarchy                                                                                                                                                                                           ;
+-------------------------------------+--------------------------------------+---------------------------------+-----------------------------------+-----------------------------------+-------------------------------------------+
; Compilation Hierarchy Node          ; Total Thermal Power by Hierarchy (1) ; Block Thermal Dynamic Power (1) ; Block Thermal Static Power (1)(2) ; Routing Thermal Dynamic Power (1) ; Full Hierarchy Name                       ;
+-------------------------------------+--------------------------------------+---------------------------------+-----------------------------------+-----------------------------------+-------------------------------------------+
; |UNROM_mst                          ; 5.88 mW (5.88 mW)                    ; 0.00 mW (0.00 mW)               ; 5.88 mW (5.88 mW)                 ; 0.00 mW (0.00 mW)                 ; |UNROM_mst                                ;
;     |hard_block:auto_generated_inst ; 0.00 mW (0.00 mW)                    ; 0.00 mW (0.00 mW)               ; --                                ; 0.00 mW (0.00 mW)                 ; |UNROM_mst|hard_block:auto_generated_inst ;
;     |vrmirroring_switcher:inst4     ; 0.00 mW (0.00 mW)                    ; 0.00 mW (0.00 mW)               ; --                                ; 0.00 mW (0.00 mW)                 ; |UNROM_mst|vrmirroring_switcher:inst4     ;
;     |hc161_like:inst5               ; 0.00 mW (0.00 mW)                    ; 0.00 mW (0.00 mW)               ; --                                ; 0.00 mW (0.00 mW)                 ; |UNROM_mst|hc161_like:inst5               ;
+-------------------------------------+--------------------------------------+---------------------------------+-----------------------------------+-----------------------------------+-------------------------------------------+
(1) Value in parentheses is the power consumed at that level of hierarchy. Value not in parentheses is the power consumed at that level of hierarchy plus the power consumed by all levels of hierarchy below it.

(2) The "Block Thermal Static Power" for all levels of hierarchy except the top-level hierarchy is part of the "Core Static Thermal Power Dissipation" value found on the PowerPlay Power Analyzer-->Summary report panel. The "Core Static Thermal Power Dissipation" also contains the thermal static power dissipated by the routing.


+------------------------------------------------------------------------------------------------------------------------------------+
; Current Drawn from Voltage Supplies Summary                                                                                        ;
+----------------+-------------------------+---------------------------+--------------------------+----------------------------------+
; Voltage Supply ; Total Current Drawn (1) ; Dynamic Current Drawn (1) ; Static Current Drawn (1) ; Minimum Power Supply Current (2) ;
+----------------+-------------------------+---------------------------+--------------------------+----------------------------------+
; VCCINT         ; 6.56 mA                 ; 0.00 mA                   ; 6.56 mA                  ; 6.56 mA                          ;
; VCCIO          ; 6.28 mA                 ; 0.00 mA                   ; 6.28 mA                  ; 6.28 mA                          ;
; VCCA           ; 15.49 mA                ; 0.00 mA                   ; 15.49 mA                 ; 15.49 mA                         ;
; VCCD           ; 1.00 mA                 ; 0.00 mA                   ; 1.00 mA                  ; 1.00 mA                          ;
+----------------+-------------------------+---------------------------+--------------------------+----------------------------------+
(1) Currents reported in columns "Total Current Drawn", "Dynamic Current Drawn", and "Static Current Drawn" are sufficient for user operation of the device.  
(2) Currents reported in column "Minimum Power Supply Current" are sufficient for power-up, configuration, and user operation of the device.


+-----------------------------------------------------------------------------------------------+
; VCCIO Supply Current Drawn by I/O Bank                                                        ;
+----------+---------------+---------------------+-----------------------+----------------------+
; I/O Bank ; VCCIO Voltage ; Total Current Drawn ; Dynamic Current Drawn ; Static Current Drawn ;
+----------+---------------+---------------------+-----------------------+----------------------+
; 1        ; 2.5V          ; 0.77 mA             ; 0.00 mA               ; 0.77 mA              ;
; 2        ; 3.3V          ; 0.77 mA             ; 0.00 mA               ; 0.77 mA              ;
; 3        ; 3.3V          ; 0.82 mA             ; 0.00 mA               ; 0.82 mA              ;
; 4        ; 3.3V          ; 0.87 mA             ; 0.00 mA               ; 0.87 mA              ;
; 5        ; 3.3V          ; 0.80 mA             ; 0.00 mA               ; 0.80 mA              ;
; 6        ; 2.5V          ; 0.75 mA             ; 0.00 mA               ; 0.75 mA              ;
; 7        ; 2.5V          ; 0.75 mA             ; 0.00 mA               ; 0.75 mA              ;
; 8        ; 2.5V          ; 0.75 mA             ; 0.00 mA               ; 0.75 mA              ;
+----------+---------------+---------------------+-----------------------+----------------------+


+-----------------------------------------------------------------------------------------------------------------------------------+
; VCCIO Supply Current Drawn by Voltage                                                                                             ;
+---------------+-------------------------+---------------------------+--------------------------+----------------------------------+
; VCCIO Voltage ; Total Current Drawn (1) ; Dynamic Current Drawn (1) ; Static Current Drawn (1) ; Minimum Power Supply Current (2) ;
+---------------+-------------------------+---------------------------+--------------------------+----------------------------------+
; 2.5V          ; 3.02 mA                 ; 0.00 mA                   ; 3.02 mA                  ; 3.02 mA                          ;
; 3.3V          ; 3.26 mA                 ; 0.00 mA                   ; 3.26 mA                  ; 3.26 mA                          ;
+---------------+-------------------------+---------------------------+--------------------------+----------------------------------+
(1) Currents reported in columns "Total Current Drawn", "Dynamic Current Drawn", and "Static Current Drawn" are sufficient for user operation of the device.  
(2) Currents reported in column "Minimum Power Supply Current" are sufficient for power-up, configuration, and user operation of the device.


+-----------------------------------------------------------------------------------------------------------------------------------------------+
; Confidence Metric Details                                                                                                                     ;
+----------------------------------------------------------------------------------------+------------+------------+------------+---------------+
; Data Source                                                                            ; Total      ; Pin        ; Registered ; Combinational ;
+----------------------------------------------------------------------------------------+------------+------------+------------+---------------+
; Simulation (from file)                                                                 ;            ;            ;            ;               ;
;     -- Number of signals with Toggle Rate from Simulation                              ; 0 (0.0%)   ; 0 (0.0%)   ; 0 (0.0%)   ; 0 (0.0%)      ;
;     -- Number of signals with Static Probability from Simulation                       ; 0 (0.0%)   ; 0 (0.0%)   ; 0 (0.0%)   ; 0 (0.0%)      ;
;                                                                                        ;            ;            ;            ;               ;
; Node, entity or clock assignment                                                       ;            ;            ;            ;               ;
;     -- Number of signals with Toggle Rate from Node, entity or clock assignment        ; 0 (0.0%)   ; 0 (0.0%)   ; 0 (0.0%)   ; 0 (0.0%)      ;
;     -- Number of signals with Static Probability from Node, entity or clock assignment ; 0 (0.0%)   ; 0 (0.0%)   ; 0 (0.0%)   ; 0 (0.0%)      ;
;                                                                                        ;            ;            ;            ;               ;
; Vectorless estimation                                                                  ;            ;            ;            ;               ;
;     -- Number of signals with Toggle Rate from Vectorless estimation                   ; 34 (72.3%) ; 7 (35.0%)  ; 4 (100.0%) ; 23 (100.0%)   ;
;     -- Number of signals with Zero toggle rate, from Vectorless estimation             ; 34 (72.3%) ; 7 (35.0%)  ; 4 (100.0%) ; 23 (100.0%)   ;
;     -- Number of signals with Static Probability from Vectorless estimation            ; 34 (72.3%) ; 7 (35.0%)  ; 4 (100.0%) ; 23 (100.0%)   ;
;                                                                                        ;            ;            ;            ;               ;
; Default assignment                                                                     ;            ;            ;            ;               ;
;     -- Number of signals with Toggle Rate from Default assignment                      ; 0 (0.0%)   ; 0 (0.0%)   ; 0 (0.0%)   ; 0 (0.0%)      ;
;     -- Number of signals with Static Probability from Default assignment               ; 13 (27.7%) ; 13 (65.0%) ; 0 (0.0%)   ; 0 (0.0%)      ;
;                                                                                        ;            ;            ;            ;               ;
; Assumed 0                                                                              ;            ;            ;            ;               ;
;     -- Number of signals with Toggle Rate assumed 0                                    ; 13 (27.7%) ; 13 (65.0%) ; 0 (0.0%)   ; 0 (0.0%)      ;
+----------------------------------------------------------------------------------------+------------+------------+------------+---------------+


+---------------------------------------------------------------------------------------------------------------------------------------------+
; Signal Activities                                                                                                                           ;
+--------+------+---------------------------------------------+-------------------------+--------------------+--------------------------------+
; Signal ; Type ; Toggle Rate (millions of transitions / sec) ; Toggle Rate Data Source ; Static Probability ; Static Probability Data Source ;
+--------+------+---------------------------------------------+-------------------------+--------------------+--------------------------------+
(1) The "Signal Activity" Table has been hidden. To show this table, please select the "Write signal activities to report file" option under "PowerPlay Power Analyzer Settings".


+-----------------------------------+
; PowerPlay Power Analyzer Messages ;
+-----------------------------------+
Info: *******************************************************************
Info: Running Quartus II 32-bit PowerPlay Power Analyzer
    Info: Version 13.0.1 Build 232 06/12/2013 Service Pack 1 SJ Web Edition
    Info: Processing started: Mon Feb 27 13:29:53 2017
Info: Command: quartus_pow --read_settings_files=on --write_settings_files=off UNROM_mst -c UNROM_mst
Info (21077): Low junction temperature is 0 degrees C
Info (21077): High junction temperature is 85 degrees C
Critical Warning (332012): Synopsys Design Constraints File file not found: 'UNROM_mst.sdc'. A Synopsys Design Constraints File is required by the TimeQuest Timing Analyzer to get proper timing constraints. Without it, the Compiler will not properly optimize the design.
Warning (332060): Node: Ncpu_rom_cs was determined to be a clock but was found without an associated clock assignment.
Warning (332068): No clocks defined in design.
Info (223000): Starting Vectorless Power Activity Estimation
Warning (222013): Relative toggle rates could not be calculated because no clock domain could be identified for some nodes
Info (223001): Completed Vectorless Power Activity Estimation
Info (218000): Using Advanced I/O Power to simulate I/O buffers with the specified board trace model
Warning (215044): No board thermal model was selected.  Analyzing without board thermal modeling.
Info (215049): Average toggle rate for this design is 0.000 millions of transitions / sec
Info (215031): Total thermal power estimate for the design is 66.09 mW
Info: Quartus II 32-bit PowerPlay Power Analyzer was successful. 0 errors, 5 warnings
    Info: Peak virtual memory: 349 megabytes
    Info: Processing ended: Mon Feb 27 13:29:57 2017
    Info: Elapsed time: 00:00:04
    Info: Total CPU time (on all processors): 00:00:04


